
Allocating common symbols
Common symbol       size              file

netbufpool          0x4               binaries/net.o
readylist           0x2               binaries/ready.o
rfltab              0x5a0             binaries/rflinit.o
netportseed         0x8               binaries/net.o
sleepq              0x2               binaries/clkinit.o
nnames              0x4               binaries/naminit.o
udptab              0x168             binaries/udp.o
minheap             0x4               binaries/meminit.o
marks               0x50              binaries/mark.o
currpid             0x4               binaries/initialize.o
Lf_data             0x20c             binaries/lfsinit.o
porttab             0x2d0             binaries/ptinit.o
girmask             0x2               binaries/evec.o
ttytab              0x110             binaries/ttyinit.o
proctab             0x15e0            binaries/initialize.o
prcount             0x4               binaries/initialize.o
int_actions         0x140             binaries/evec.o
lfltab              0xf00             binaries/lflinit.o
rdstab              0x8c              binaries/rdsinit.o
ethertab            0x138             binaries/ethinit.o
NetData             0xb0              binaries/net.o
nmarks              0x4               binaries/mark.o
Defer               0x8               binaries/resched.o
semtab              0x4b0             binaries/initialize.o
maxheap             0x4               binaries/meminit.o
preempt             0x4               binaries/clkinit.o
buftab              0xf0              binaries/bufinit.o
Rf_data             0x18              binaries/rfsinit.o
mkmutex             0x4               binaries/mark.o
count1000           0x4               binaries/clkinit.o
clktime             0x4               binaries/clkinit.o
arpcache            0x140             binaries/arp.o
icmptab             0x230             binaries/icmp.o
nbpools             0x4               binaries/bufinit.o
queuetab            0x980             binaries/queue.o
ptnextid            0x4               binaries/ptinit.o
Ram                 0x19000           binaries/raminit.o
ipoqueue            0x2c              binaries/ip.o
memlist             0x8               binaries/initialize.o
nametab             0x19a0            binaries/naminit.o
ptfree              0x4               binaries/ptinit.o

Memory Configuration

Name             Origin             Length             Attributes
*default*        0x0000000000000000 0xffffffffffffffff

Linker script and memory map

                0x0000000000100000                physbase = 0x100000
                0x0000000000100000                . = physbase
                0x0000000000100000                . = ALIGN (0x1000)

.text           0x0000000000100000    0x1a000
                0x0000000000100000                text = ABSOLUTE (.)
 *(.text .text.*)
 .text          0x0000000000100000      0x1b8 binaries/start.o
                0x0000000000100028                start
                0x00000000001000fa                inb
                0x0000000000100102                inw
                0x000000000010010b                inl
                0x0000000000100113                outb
                0x000000000010011d                outw
                0x0000000000100128                outl
                0x0000000000100132                _rtcin
                0x000000000010013d                ___udivsi3
                0x0000000000100148                ___divsi3
                0x0000000000100154                sbzero
                0x0000000000100164                insw
                0x000000000010017a                outsw
                0x0000000000100190                bcopy
                0x00000000001001a4                lidt
                0x00000000001001ac                cpuid
 .text          0x00000000001001b8      0x3e3 binaries/ascdate.o
                0x00000000001001b8                ascdate
 .text          0x000000000010059b       0x14 binaries/bufinit.o
                0x000000000010059b                bufinit
 .text          0x00000000001005af       0x94 binaries/chprio.o
                0x00000000001005af                chprio
 .text          0x0000000000100643       0xc1 binaries/clkhandler.o
                0x0000000000100643                clkhandler
 .text          0x0000000000100704       0xec binaries/clkinit.o
                0x0000000000100704                clkinit
 .text          0x00000000001007f0       0x75 binaries/close.o
                0x00000000001007f0                close
 .text          0x0000000000100865        0x0 binaries/conf.o
 .text          0x0000000000100865       0x7b binaries/control.o
                0x0000000000100865                control
 .text          0x00000000001008e0      0x2c0 binaries/create.o
                0x00000000001008e0                create
 .text          0x0000000000100ba0      0x298 binaries/early_imr.o
                0x0000000000100ba0                intel_cln_early_sb_read_reg
                0x0000000000100c1f                intel_cln_early_sb_write_reg
                0x0000000000100dad                remove_irm_protections
 .text          0x0000000000100e38      0x5d6 binaries/evec.o
                0x0000000000100e38                initevec
                0x0000000000100f8a                set_evec
                0x0000000000100ff7                set_ivec
                0x0000000000101096                ioapic_irq2vec
                0x00000000001010d7                int_dispatch
                0x000000000010116c                _8259_setirmask
                0x00000000001011c5                trap
 .text          0x000000000010140e       0x19 binaries/exit.o
                0x000000000010140e                exit
 .text          0x0000000000101427       0x8c binaries/freebuf.o
                0x0000000000101427                freebuf
 .text          0x00000000001014b3      0x172 binaries/freemem.o
                0x00000000001014b3                freemem
 .text          0x0000000000101625       0x8a binaries/getbuf.o
                0x0000000000101625                getbuf
 .text          0x00000000001016af       0x75 binaries/getc.o
                0x00000000001016af                getc
 .text          0x0000000000101724       0x74 binaries/getdev.o
                0x0000000000101724                getdev
 .text          0x0000000000101798       0xd0 binaries/getitem.o
                0x0000000000101798                getfirst
                0x00000000001017dd                getlast
                0x0000000000101824                getitem
 .text          0x0000000000101868      0x10a binaries/getmem.o
                0x0000000000101868                getmem
 .text          0x0000000000101972        0xa binaries/getpid.o
                0x0000000000101972                getpid
 .text          0x000000000010197c       0x7d binaries/getprio.o
                0x000000000010197c                getprio
 .text          0x00000000001019f9       0xfb binaries/getstk.o
                0x00000000001019f9                getstk
 .text          0x0000000000101af4       0x16 binaries/getticks.o
                0x0000000000101af4                getticks
 .text          0x0000000000101b0a       0x3a binaries/gettime.o
                0x0000000000101b0a                gettime
 .text          0x0000000000101b44      0x1e2 binaries/getutime.o
                0x0000000000101b44                getutime
 .text          0x0000000000101d26       0x75 binaries/init.o
                0x0000000000101d26                init
 .text          0x0000000000101d9b      0x3c8 binaries/initialize.o
                0x0000000000101d9b                nulluser
                0x000000000010210a                stop
                0x0000000000102135                delay
 .text          0x0000000000102163       0xde binaries/insert.o
                0x0000000000102163                insert
 .text          0x0000000000102241      0x110 binaries/insertd.o
                0x0000000000102241                insertd
 .text          0x0000000000102351        0xa binaries/ioerr.o
                0x0000000000102351                ioerr
 .text          0x000000000010235b        0xa binaries/ionull.o
                0x000000000010235b                ionull
 .text          0x0000000000102365      0x19d binaries/kill.o
                0x0000000000102365                kill
 .text          0x0000000000102502      0x138 binaries/kprintf.o
                0x0000000000102502                kputc
                0x000000000010258d                kgetc
                0x0000000000102610                kprintf
 .text          0x000000000010263a       0x95 binaries/main.o
                0x000000000010263a                main
 .text          0x00000000001026cf       0xb5 binaries/mark.o
                0x00000000001026cf                markinit
                0x00000000001026f3                mark
 .text          0x0000000000102784      0x2ca binaries/meminit.o
                0x0000000000102784                meminit
                0x00000000001029ab                setsegs
 .text          0x0000000000102a4e      0x174 binaries/mkbufpool.o
                0x0000000000102a4e                mkbufpool
 .text          0x0000000000102bc2       0x94 binaries/newqueue.o
                0x0000000000102bc2                newqueue
 .text          0x0000000000102c56       0x7b binaries/open.o
                0x0000000000102c56                open
 .text          0x0000000000102cd1       0x20 binaries/panic.o
                0x0000000000102cd1                panic
 .text          0x0000000000102cf1      0x56a binaries/pci.o
                0x0000000000102cf1                pci_init
                0x0000000000102d7b                find_pci_device
                0x0000000000102e61                pci_read_config_byte
                0x0000000000102ebf                pci_read_config_word
                0x0000000000102f1f                pci_read_config_dword
                0x0000000000102f7d                pci_write_config_byte
                0x0000000000102fdf                pci_write_config_word
                0x0000000000103043                pci_write_config_dword
                0x000000000010309f                pci_get_dev_mmio_base_addr
                0x000000000010310b                pci_set_ivec
 .text          0x000000000010325b       0xc9 binaries/platinit.o
                0x000000000010325b                cpu_is_quark
                0x0000000000103278                console_init
                0x00000000001032c1                platinit
 .text          0x0000000000103324       0xf1 binaries/ptclear.o
                0x0000000000103324                _ptclear
 .text          0x0000000000103415       0x9d binaries/ptcount.o
                0x0000000000103415                ptcount
 .text          0x00000000001034b2      0x116 binaries/ptcreate.o
                0x00000000001034b2                ptcreate
 .text          0x00000000001035c8       0x7f binaries/ptdelete.o
                0x00000000001035c8                ptdelete
 .text          0x0000000000103647       0xbf binaries/ptinit.o
                0x0000000000103647                ptinit
 .text          0x0000000000103706      0x11b binaries/ptrecv.o
                0x0000000000103706                ptrecv
 .text          0x0000000000103821       0x77 binaries/ptreset.o
                0x0000000000103821                ptreset
 .text          0x0000000000103898      0x13d binaries/ptsend.o
                0x0000000000103898                ptsend
 .text          0x00000000001039d5       0x80 binaries/putc.o
                0x00000000001039d5                putc
 .text          0x0000000000103a55       0xcc binaries/quark_irq.o
                0x0000000000103a55                quark_irq_routing
 .text          0x0000000000103b21      0x1e9 binaries/quark_pdat.o
                0x0000000000103b21                get_quark_pdat_entry_data_by_id
                0x0000000000103c10                get_quark_pdat_entry_data_by_desc
 .text          0x0000000000103d0a      0x111 binaries/queue.o
                0x0000000000103d0a                enqueue
                0x0000000000103dae                dequeue
 .text          0x0000000000103e1b       0x7b binaries/read.o
                0x0000000000103e1b                read
 .text          0x0000000000103e96       0x7e binaries/ready.o
                0x0000000000103e96                ready
 .text          0x0000000000103f14       0x62 binaries/receive.o
                0x0000000000103f14                receive
 .text          0x0000000000103f76       0x5e binaries/recvclr.o
                0x0000000000103f76                recvclr
 .text          0x0000000000103fd4       0xbd binaries/recvtime.o
                0x0000000000103fd4                recvtime
 .text          0x0000000000104091      0x16c binaries/resched.o
                0x0000000000104091                resched
                0x0000000000104188                resched_cntl
 .text          0x00000000001041fd       0xb1 binaries/resume.o
                0x00000000001041fd                resume
 .text          0x00000000001042ae       0x79 binaries/seek.o
                0x00000000001042ae                seek
 .text          0x0000000000104327       0x70 binaries/semcount.o
                0x0000000000104327                semcount
 .text          0x0000000000104397       0xd6 binaries/semcreate.o
                0x0000000000104397                semcreate
 .text          0x000000000010446d       0xcd binaries/semdelete.o
                0x000000000010446d                semdelete
 .text          0x000000000010453a       0xcb binaries/semreset.o
                0x000000000010453a                semreset
 .text          0x0000000000104605       0xed binaries/send.o
                0x0000000000104605                send
 .text          0x00000000001046f2       0xa8 binaries/signal.o
                0x00000000001046f2                signal
 .text          0x000000000010479a       0xd6 binaries/signaln.o
                0x000000000010479a                signaln
 .text          0x0000000000104870       0xed binaries/sleep.o
                0x0000000000104870                sleep
                0x00000000001048be                sleepms
 .text          0x000000000010495d      0x192 binaries/stacktrace.o
                0x000000000010495d                stacktrace
 .text          0x0000000000104aef       0xe7 binaries/suspend.o
                0x0000000000104aef                suspend
 .text          0x0000000000104bd6       0xe9 binaries/unsleep.o
                0x0000000000104bd6                unsleep
 .text          0x0000000000104cbf       0x19 binaries/userret.o
                0x0000000000104cbf                userret
 .text          0x0000000000104cd8       0xdd binaries/wait.o
                0x0000000000104cd8                wait
 .text          0x0000000000104db5       0x72 binaries/wakeup.o
                0x0000000000104db5                wakeup
 .text          0x0000000000104e27       0x7b binaries/write.o
                0x0000000000104e27                write
 .text          0x0000000000104ea2       0x1d binaries/xdone.o
                0x0000000000104ea2                xdone
 .text          0x0000000000104ebf       0x28 binaries/yield.o
                0x0000000000104ebf                yield
 .text          0x0000000000104ee7       0x11 binaries/abs.o
                0x0000000000104ee7                abs
 .text          0x0000000000104ef8       0x8f binaries/atoi.o
                0x0000000000104ef8                atoi
 .text          0x0000000000104f87       0x8f binaries/atol.o
                0x0000000000104f87                atol
 .text          0x0000000000105016       0x31 binaries/bzero.o
                0x0000000000105016                bzero
 .text          0x0000000000105047        0x0 binaries/ctype_.o
 .text          0x0000000000105047      0x8ed binaries/doprnt.o
                0x0000000000105047                _doprnt
 .text          0x0000000000105934      0x65c binaries/doscan.o
                0x0000000000105934                _doscan
 .text          0x0000000000105f90      0x711 binaries/fdoprnt.o
                0x0000000000105f90                _fdoprnt
 .text          0x00000000001066a1       0x29 binaries/fgetc.o
                0x00000000001066a1                fgetc
 .text          0x00000000001066ca       0x75 binaries/fgets.o
                0x00000000001066ca                fgets
 .text          0x000000000010673f       0x2a binaries/fprintf.o
                0x000000000010673f                fprintf
 .text          0x0000000000106769       0x2c binaries/fputc.o
                0x0000000000106769                fputc
 .text          0x0000000000106795       0x43 binaries/fputs.o
                0x0000000000106795                fputs
 .text          0x00000000001067d8       0x8a binaries/fscanf.o
                0x00000000001067d8                fscanf
 .text          0x0000000000106862       0x31 binaries/getchar.o
                0x0000000000106862                getchar
 .text          0x0000000000106893       0x11 binaries/labs.o
                0x0000000000106893                labs
 .text          0x00000000001068a4        0x0 binaries/memchr.o
 .text          0x00000000001068a4       0x51 binaries/memcmp.o
                0x00000000001068a4                memcmp
 .text          0x00000000001068f5       0x3f binaries/memcpy.o
                0x00000000001068f5                memcpy
 .text          0x0000000000106934       0x30 binaries/memset.o
                0x0000000000106934                memset
 .text          0x0000000000106964       0x47 binaries/printf.o
                0x0000000000106964                printf
 .text          0x00000000001069ab       0x34 binaries/putchar.o
                0x00000000001069ab                putchar
 .text          0x00000000001069df      0x27e binaries/qsort.o
                0x00000000001069df                qsort
 .text          0x0000000000106c5d       0x63 binaries/rand.o
                0x0000000000106c5d                rand
                0x0000000000106c75                rand_r
                0x0000000000106cb3                srand
 .text          0x0000000000106cc0       0x66 binaries/sprintf.o
                0x0000000000106cc0                sprintf
 .text          0x0000000000106d26       0x70 binaries/sscanf.o
                0x0000000000106d26                sscanf
 .text          0x0000000000106d96       0x3c binaries/strchr.o
                0x0000000000106d96                strchr
 .text          0x0000000000106dd2       0x45 binaries/strcmp.o
                0x0000000000106dd2                strcmp
 .text          0x0000000000106e17       0x27 binaries/strcpy.o
                0x0000000000106e17                strcpy
 .text          0x0000000000106e3e       0x26 binaries/strlen.o
                0x0000000000106e3e                strlen
 .text          0x0000000000106e64       0x56 binaries/strncat.o
                0x0000000000106e64                strncat
 .text          0x0000000000106eba       0x5f binaries/strncmp.o
                0x0000000000106eba                strncmp
 .text          0x0000000000106f19       0x4f binaries/strncpy.o
                0x0000000000106f19                strncpy
 .text          0x0000000000106f68       0x2e binaries/strnlen.o
                0x0000000000106f68                strnlen
 .text          0x0000000000106f96       0x45 binaries/strrchr.o
                0x0000000000106f96                strrchr
 .text          0x0000000000106fdb       0x6d binaries/strstr.o
                0x0000000000106fdb                strstr
 .text          0x0000000000107048       0xe4 binaries/ttycontrol.o
                0x0000000000107048                ttycontrol
 .text          0x000000000010712c       0x97 binaries/ttygetc.o
                0x000000000010712c                ttygetc
 .text          0x00000000001071c3      0x6e4 binaries/ttyhandle_in.o
                0x00000000001071c3                ttyhandle_in
 .text          0x00000000001078a7      0x183 binaries/ttyhandle_out.o
                0x00000000001078a7                ttyhandle_out
 .text          0x0000000000107a2a       0xb5 binaries/ttyhandler.o
                0x0000000000107a2a                ttyhandler
 .text          0x0000000000107adf      0x20d binaries/ttyinit.o
                0x0000000000107adf                ttyinit
 .text          0x0000000000107cec       0x10 binaries/ttykickout.o
                0x0000000000107cec                ttykickout
 .text          0x0000000000107cfc       0xb7 binaries/ttyputc.o
                0x0000000000107cfc                ttyputc
 .text          0x0000000000107db3      0x11b binaries/ttyread.o
                0x0000000000107db3                ttyread
 .text          0x0000000000107ece       0x4f binaries/ttywrite.o
                0x0000000000107ece                ttywrite
 .text          0x0000000000107f1d      0x14b binaries/mount.o
                0x0000000000107f1d                mount
                0x0000000000108032                namlen
 .text          0x0000000000108068      0x1ea binaries/naminit.o
                0x0000000000108068                naminit
 .text          0x0000000000108252      0x211 binaries/nammap.o
                0x0000000000108252                nammap
                0x00000000001082dd                namrepl
                0x0000000000108413                namcpy
 .text          0x0000000000108463       0x4e binaries/namopen.o
                0x0000000000108463                namopen
 .text          0x00000000001084b1       0x90 binaries/ethcontrol.o
                0x00000000001084b1                ethcontrol
 .text          0x0000000000108541      0x189 binaries/ethhandler.o
                0x0000000000108541                ethhandler
 .text          0x00000000001086ca      0x721 binaries/ethinit.o
                0x00000000001086ca                eth_phy_read
                0x0000000000108734                eth_phy_write
                0x00000000001087a8                eth_phy_reset
                0x00000000001088ec                ethinit
 .text          0x0000000000108deb      0x17c binaries/ethmcast.o
                0x0000000000108deb                ethmcast_add
                0x0000000000108e67                ethmcast_remove
 .text          0x0000000000108f67      0x20d binaries/ethread.o
                0x0000000000108f67                ethread
 .text          0x0000000000109174       0xf5 binaries/ethwrite.o
                0x0000000000109174                ethwrite
 .text          0x0000000000109269       0x9e binaries/rdsbufalloc.o
                0x0000000000109269                rdsbufalloc
 .text          0x0000000000109307       0xcc binaries/rdsclose.o
                0x0000000000109307                rdsclose
 .text          0x00000000001093d3      0x2e8 binaries/rdscomm.o
                0x00000000001093d3                rdscomm
 .text          0x00000000001096bb      0x233 binaries/rdscontrol.o
                0x00000000001096bb                rdscontrol
 .text          0x00000000001098ee      0x1f3 binaries/rdsinit.o
                0x00000000001098ee                rdsinit
 .text          0x0000000000109ae1      0x19b binaries/rdsopen.o
                0x0000000000109ae1                rdsopen
 .text          0x0000000000109c7c      0x461 binaries/rdsprocess.o
                0x0000000000109c7c                rdsprocess
 .text          0x000000000010a0dd      0x259 binaries/rdsread.o
                0x000000000010a0dd                rdsread
 .text          0x000000000010a336      0x1fe binaries/rdswrite.o
                0x000000000010a336                rdswrite
 .text          0x000000000010a534        0xa binaries/ramclose.o
                0x000000000010a534                ramclose
 .text          0x000000000010a53e       0x3e binaries/raminit.o
                0x000000000010a53e                raminit
 .text          0x000000000010a57c        0xa binaries/ramopen.o
                0x000000000010a57c                ramopen
 .text          0x000000000010a586       0x32 binaries/ramread.o
                0x000000000010a586                ramread
 .text          0x000000000010a5b8       0x32 binaries/ramwrite.o
                0x000000000010a5b8                ramwrite
 .text          0x000000000010a5ea       0x98 binaries/lfdballoc.o
                0x000000000010a5ea                lfdballoc
 .text          0x000000000010a682       0x58 binaries/lfdbfree.o
                0x000000000010a682                lfdbfree
 .text          0x000000000010a6da       0xb6 binaries/lfflush.o
                0x000000000010a6da                lfflush
 .text          0x000000000010a790       0xd8 binaries/lfgetmode.o
                0x000000000010a790                lfgetmode
 .text          0x000000000010a868       0x68 binaries/lfiballoc.o
                0x000000000010a868                lfiballoc
 .text          0x000000000010a8d0       0x3b binaries/lfibclear.o
                0x000000000010a8d0                lfibclear
 .text          0x000000000010a90b       0xad binaries/lfibget.o
                0x000000000010a90b                lfibget
 .text          0x000000000010a9b8       0xdc binaries/lfibput.o
                0x000000000010a9b8                lfibput
 .text          0x000000000010aa94       0xa2 binaries/lflclose.o
                0x000000000010aa94                lflclose
 .text          0x000000000010ab36       0xd0 binaries/lflcontrol.o
                0x000000000010ab36                lflcontrol
 .text          0x000000000010ac06       0xf2 binaries/lflgetc.o
                0x000000000010ac06                lflgetc
 .text          0x000000000010acf8       0xf1 binaries/lflinit.o
                0x000000000010acf8                lflinit
 .text          0x000000000010ade9      0x122 binaries/lflputc.o
                0x000000000010ade9                lflputc
 .text          0x000000000010af0b       0x70 binaries/lflread.o
                0x000000000010af0b                lflread
 .text          0x000000000010af7b       0xac binaries/lflseek.o
                0x000000000010af7b                lflseek
 .text          0x000000000010b027       0x55 binaries/lflwrite.o
                0x000000000010b027                lflwrite
 .text          0x000000000010b07c       0x62 binaries/lfscheck.o
                0x000000000010b07c                lfscheck
 .text          0x000000000010b0de      0x175 binaries/lfsckfmt.o
                0x000000000010b0de                lfsckfmt
 .text          0x000000000010b253      0x1ad binaries/lfscreate.o
                0x000000000010b253                lfscreate
 .text          0x000000000010b400      0x278 binaries/lfsetup.o
                0x000000000010b400                lfsetup
 .text          0x000000000010b678       0x51 binaries/lfsinit.o
                0x000000000010b678                lfsinit
 .text          0x000000000010b6c9      0x3c0 binaries/lfsopen.o
                0x000000000010b6c9                lfsopen
 .text          0x000000000010ba89      0x15e binaries/lftruncate.o
                0x000000000010ba89                lftruncate
 .text          0x000000000010bbe7       0x71 binaries/rflclose.o
                0x000000000010bbe7                rflclose
 .text          0x000000000010bc58       0x32 binaries/rflgetc.o
                0x000000000010bc58                rflgetc
 .text          0x000000000010bc8a       0x76 binaries/rflinit.o
                0x000000000010bc8a                rflinit
 .text          0x000000000010bd00       0x33 binaries/rflputc.o
                0x000000000010bd00                rflputc
 .text          0x000000000010bd33      0x360 binaries/rflread.o
                0x000000000010bd33                rflread
 .text          0x000000000010c093       0x74 binaries/rflseek.o
                0x000000000010c093                rflseek
 .text          0x000000000010c107      0x34d binaries/rflwrite.o
                0x000000000010c107                rflwrite
 .text          0x000000000010c454      0x1e2 binaries/rfscomm.o
                0x000000000010c454                rfscomm
 .text          0x000000000010c636      0x26d binaries/rfscontrol.o
                0x000000000010c636                rfscontrol
 .text          0x000000000010c8a3       0xd8 binaries/rfsgetmode.o
                0x000000000010c8a3                rfsgetmode
 .text          0x000000000010c97b       0x86 binaries/rfsinit.o
                0x000000000010c97b                rfsinit
 .text          0x000000000010ca01      0x111 binaries/rfsndmsg.o
                0x000000000010ca01                rfsndmsg
 .text          0x000000000010cb12      0x2aa binaries/rfsopen.o
                0x000000000010cb12                rfsopen
 .text          0x000000000010cdbc      0x836 binaries/arp.o
                0x000000000010cdbc                arp_init
                0x000000000010cdee                arp_resolve
                0x000000000010d0a2                arp_in
                0x000000000010d35a                arp_alloc
                0x000000000010d41a                arp_ntoh
                0x000000000010d506                arp_hton
 .text          0x000000000010d5f2      0x8e3 binaries/dhcp.o
                0x000000000010d5f2                dhcp_get_opt_val
                0x000000000010d64b                dhcp_bld_bootp_msg
                0x000000000010d758                dhcp_bld_disc
                0x000000000010d841                dhcp_bld_req
                0x000000000010d9b3                getlocalip
 .text          0x000000000010ded5      0x59f binaries/dns.o
                0x000000000010ded5                dnslookup
 .text          0x000000000010e474       0xe8 binaries/dot2ip.o
                0x000000000010e474                dot2ip
 .text          0x000000000010e55c      0x4c4 binaries/hexdump.o
                0x000000000010e55c                hexdump
                0x000000000010e703                hexadump
 .text          0x000000000010ea20      0x8af binaries/icmp.o
                0x000000000010ea20                icmp_init
                0x000000000010ea57                icmp_in
                0x000000000010ec2d                icmp_register
                0x000000000010ed28                icmp_recv
                0x000000000010eeb4                icmp_send
                0x000000000010ef3c                icmp_mkpkt
                0x000000000010f056                icmp_release
                0x000000000010f154                icmp_cksum
                0x000000000010f1e7                icmp_hton
                0x000000000010f25b                icmp_ntoh
 .text          0x000000000010f2cf      0x8a5 binaries/ip.o
                0x000000000010f2cf                ip_in
                0x000000000010f453                ip_send
                0x000000000010f5ae                ip_local
                0x000000000010f5fa                ip_out
                0x000000000010f733                ipcksum
                0x000000000010f7b9                ip_ntoh
                0x000000000010f8a5                ip_hton
                0x000000000010f991                ipout
                0x000000000010fac0                ip_enqueue
 .text          0x000000000010fb74      0x2cd binaries/net.o
                0x000000000010fb74                net_init
                0x000000000010fc9c                netin
                0x000000000010fd59                eth_hton
                0x000000000010fd83                eth_ntoh
                0x000000000010fdad                getport
 .text          0x000000000010fe41     0x147f binaries/pdump.o
                0x000000000010fe41                pdump
                0x0000000000110bfe                pdumph
 .text          0x00000000001112c0      0x4b7 binaries/tftp.o
                0x00000000001112c0                tftp_send1
                0x0000000000111438                tftpget
 .text          0x0000000000111777      0xb82 binaries/udp.o
                0x0000000000111777                udp_init
                0x00000000001117ac                udp_in
                0x00000000001118ee                udp_register
                0x0000000000111a2b                udp_recv
                0x0000000000111bc7                udp_recvaddr
                0x0000000000111d7b                udp_send
                0x0000000000111f63                udp_sendto
                0x0000000000112114                udp_release
                0x000000000011220f                udp_ntoh
                0x0000000000112284                udp_hton
 .text          0x00000000001122f9      0x13b binaries/addargs.o
                0x00000000001122f9                addargs
 .text          0x0000000000112434      0x2c9 binaries/lexan.o
                0x0000000000112434                lexan
 .text          0x00000000001126fd      0x665 binaries/shell.o
                0x00000000001126fd                shell
 .text          0x0000000000112d62       0x69 binaries/xsh_argecho.o
                0x0000000000112d62                xsh_argecho
 .text          0x0000000000112dcb      0x275 binaries/xsh_arp.o
                0x0000000000112dcb                xsh_arp
 .text          0x0000000000113040      0x26f binaries/xsh_cat.o
                0x0000000000113040                xsh_cat
 .text          0x00000000001132af       0x5e binaries/xsh_clear.o
                0x00000000001132af                xsh_clear
 .text          0x000000000011330d      0x2f7 binaries/xsh_date.o
                0x000000000011330d                xsh_date
 .text          0x0000000000113604       0xae binaries/xsh_devdump.o
                0x0000000000113604                xsh_devdump
 .text          0x00000000001136b2       0x72 binaries/xsh_echo.o
                0x00000000001136b2                xsh_echo
 .text          0x0000000000113724        0xa binaries/xsh_exit.o
                0x0000000000113724                xsh_exit
 .text          0x000000000011372e      0x389 binaries/xsh_help.o
                0x000000000011372e                xsh_help
 .text          0x0000000000113ab7      0x249 binaries/xsh_kill.o
                0x0000000000113ab7                xsh_kill
 .text          0x0000000000113d00      0x545 binaries/xsh_memdump.o
                0x0000000000113d00                xsh_memdump
 .text          0x0000000000114245      0x2af binaries/xsh_memstat.o
                0x0000000000114245                xsh_memstat
 .text          0x00000000001144f4      0x50d binaries/xsh_netinfo.o
                0x00000000001144f4                xsh_netinfo
 .text          0x0000000000114a01      0x48f binaries/xsh_ping.o
                0x0000000000114a01                xsh_ping
 .text          0x0000000000114e90      0x227 binaries/xsh_ps.o
                0x0000000000114e90                xsh_ps
 .text          0x00000000001150b7      0x225 binaries/xsh_sleep.o
                0x00000000001150b7                xsh_sleep
 .text          0x00000000001152dc      0x27a binaries/xsh_udpdump.o
                0x00000000001152dc                xsh_udpdump
 .text          0x0000000000115556      0x4bf binaries/xsh_udpecho.o
                0x0000000000115556                xsh_udpecho
 .text          0x0000000000115a15      0x2b0 binaries/xsh_udpserver.o
                0x0000000000115a15                xsh_udpeserver
 .text          0x0000000000115cc5      0x1f3 binaries/xsh_uptime.o
                0x0000000000115cc5                xsh_uptime
 .text          0x0000000000115eb8        0xe binaries/clkdisp.o
                0x0000000000115eb8                clkdisp
 .text          0x0000000000115ec6       0x19 binaries/ctxsw.o
                0x0000000000115ec6                ctxsw
 .text          0x0000000000115edf      0x328 binaries/intr.o
                0x0000000000115edf                disable
                0x0000000000115ee8                restore
                0x0000000000115ef6                enable
                0x0000000000115ef8                pause
                0x0000000000115eff                halt
                0x0000000000115f05                spurious_irq7
                0x0000000000115f0a                spurious_irq15
                0x0000000000115f19                _Xint0
                0x0000000000115f21                _Xint1
                0x0000000000115f29                _Xint2
                0x0000000000115f31                _Xint3
                0x0000000000115f39                _Xint4
                0x0000000000115f41                _Xint5
                0x0000000000115f4c                _Xint6
                0x0000000000115f54                _Xint7
                0x0000000000115f5c                _Xint8
                0x0000000000115f64                _Xint9
                0x0000000000115f6c                _Xint10
                0x0000000000115f74                _Xint11
                0x0000000000115f7c                _Xint12
                0x0000000000115f84                _Xint13
                0x0000000000115f8c                _Xint14
                0x0000000000115f97                _Xint15
                0x0000000000115fa2                _Xint16
                0x0000000000115fad                _Xint17
                0x0000000000115fb8                _Xint18
                0x0000000000115fc3                _Xint19
                0x0000000000115fce                _Xint20
                0x0000000000115fd9                _Xint21
                0x0000000000115fe4                _Xint22
                0x0000000000115fef                _Xint23
                0x0000000000115ffa                _Xint24
                0x0000000000116005                _Xint25
                0x0000000000116010                _Xint26
                0x000000000011601b                _Xint27
                0x0000000000116026                _Xint28
                0x0000000000116031                _Xint29
                0x000000000011603c                _Xint30
                0x0000000000116047                _Xint31
                0x0000000000116052                _extint
                0x0000000000116066                _Xint32
                0x0000000000116075                _Xint33
                0x0000000000116084                _Xint34
                0x0000000000116093                _Xint35
                0x00000000001160a2                _Xint36
                0x00000000001160b1                _Xint37
                0x00000000001160c0                _Xint38
                0x00000000001160cf                _Xint39
                0x00000000001160de                _Xint40
                0x00000000001160ed                _Xint41
                0x00000000001160fc                _Xint42
                0x000000000011610b                _Xint43
                0x000000000011611a                _Xint44
                0x0000000000116129                _Xint45
                0x0000000000116138                _Xint46
                0x0000000000116147                defevec
 .text          0x0000000000116207        0xf binaries/ttydispatch.o
                0x0000000000116207                ttydispatch
 .text          0x0000000000116216       0x13 binaries/ethdispatch.o
                0x0000000000116216                ethdispatch
 *(.rodata .rodata.*)
 *fill*         0x0000000000116229        0x3 
 .rodata        0x000000000011622c       0x8e binaries/ascdate.o
 .rodata        0x00000000001162ba       0xae binaries/conf.o
 .rodata        0x0000000000116368       0x83 binaries/early_imr.o
 *fill*         0x00000000001163eb        0x1 
 .rodata        0x00000000001163ec      0x231 binaries/evec.o
 *fill*         0x000000000011661d        0x3 
 .rodata        0x0000000000116620       0x61 binaries/getutime.o
 *fill*         0x0000000000116681        0x3 
 .rodata        0x0000000000116684      0x184 binaries/initialize.o
 .rodata        0x0000000000116808       0x20 binaries/kill.o
 .rodata        0x0000000000116828       0x2a binaries/main.o
 *fill*         0x0000000000116852        0x2 
 .rodata        0x0000000000116854       0x3e binaries/meminit.o
 .rodata        0x0000000000116892        0xf binaries/panic.o
 *fill*         0x00000000001168a1        0x3 
 .rodata        0x00000000001168a4       0x20 binaries/pci.o
 .rodata        0x00000000001168c4       0x1d binaries/ptinit.o
 *fill*         0x00000000001168e1        0x3 
 .rodata        0x00000000001168e4       0x25 binaries/ptsend.o
 .rodata        0x0000000000116909       0x22 binaries/quark_pdat.o
 *fill*         0x000000000011692b        0x1 
 .rodata        0x000000000011692c       0xb7 binaries/stacktrace.o
 *fill*         0x00000000001169e3        0x1 
 .rodata        0x00000000001169e4       0x27 binaries/xdone.o
 *fill*         0x0000000000116a0b       0x15 
 .rodata        0x0000000000116a20       0x81 binaries/ctype_.o
                0x0000000000116a20                _ctype_
 *fill*         0x0000000000116aa1        0x3 
 .rodata        0x0000000000116aa4       0xee binaries/doprnt.o
 *fill*         0x0000000000116b92        0x2 
 .rodata        0x0000000000116b94       0x98 binaries/doscan.o
 .rodata        0x0000000000116c2c       0xae binaries/fdoprnt.o
 *fill*         0x0000000000116cda        0x2 
 .rodata        0x0000000000116cdc       0x20 binaries/ttycontrol.o
 .rodata        0x0000000000116cfc       0x34 binaries/ttyhandler.o
 .rodata        0x0000000000116d30       0x80 binaries/naminit.o
 .rodata        0x0000000000116db0       0x46 binaries/ethinit.o
 *fill*         0x0000000000116df6        0x2 
 .rodata        0x0000000000116df8       0x2c binaries/rdsbufalloc.o
 .rodata        0x0000000000116e24       0x76 binaries/rdscomm.o
 *fill*         0x0000000000116e9a        0x2 
 .rodata        0x0000000000116e9c       0x48 binaries/rdscontrol.o
 .rodata        0x0000000000116ee4       0x96 binaries/rdsinit.o
 *fill*         0x0000000000116f7a        0x2 
 .rodata        0x0000000000116f7c       0x22 binaries/rdsopen.o
 *fill*         0x0000000000116f9e        0x2 
 .rodata        0x0000000000116fa0       0x4d binaries/rdsprocess.o
 .rodata        0x0000000000116fed        0x9 binaries/raminit.o
 *fill*         0x0000000000116ff6        0x2 
 .rodata        0x0000000000116ff8       0x37 binaries/lfdballoc.o
 .rodata        0x000000000011702f       0x14 binaries/lfiballoc.o
 *fill*         0x0000000000117043        0x1 
 .rodata        0x0000000000117044       0x23 binaries/lflcontrol.o
 *fill*         0x0000000000117067        0x1 
 .rodata        0x0000000000117068      0x11b binaries/lfsckfmt.o
 *fill*         0x0000000000117183        0x1 
 .rodata        0x0000000000117184       0x2a binaries/lfsopen.o
 *fill*         0x00000000001171ae        0x2 
 .rodata        0x00000000001171b0       0x21 binaries/rflread.o
 *fill*         0x00000000001171d1        0x3 
 .rodata        0x00000000001171d4       0x21 binaries/rflwrite.o
 *fill*         0x00000000001171f5        0x3 
 .rodata        0x00000000001171f8       0x75 binaries/rfscomm.o
 *fill*         0x000000000011726d        0x3 
 .rodata        0x0000000000117270       0x3c binaries/rfscontrol.o
 .rodata        0x00000000001172ac       0x63 binaries/rfsinit.o
 *fill*         0x000000000011730f        0x1 
 .rodata        0x0000000000117310       0x2a binaries/rfsndmsg.o
 *fill*         0x000000000011733a        0x2 
 .rodata        0x000000000011733c       0x22 binaries/rfsopen.o
 *fill*         0x000000000011735e        0x2 
 .rodata        0x0000000000117360       0x3a binaries/arp.o
 *fill*         0x000000000011739a        0x2 
 .rodata        0x000000000011739c       0xcf binaries/dhcp.o
 .rodata        0x000000000011746b       0x1a binaries/dns.o
 *fill*         0x0000000000117485        0x3 
 .rodata        0x0000000000117488       0xc9 binaries/hexdump.o
 *fill*         0x0000000000117551        0x3 
 .rodata        0x0000000000117554       0x29 binaries/icmp.o
 *fill*         0x000000000011757d        0x3 
 .rodata        0x0000000000117580       0x6e binaries/ip.o
 *fill*         0x00000000001175ee        0x2 
 .rodata        0x00000000001175f0       0x4f binaries/net.o
 *fill*         0x000000000011763f        0x1 
 .rodata        0x0000000000117640      0x26f binaries/pdump.o
 *fill*         0x00000000001178af        0x1 
 .rodata        0x00000000001178b0      0x10c binaries/tftp.o
 *fill*         0x00000000001179bc        0x4 
 .rodata        0x00000000001179c0      0x3c1 binaries/shell.o
                0x0000000000117a40                cmdtab
 .rodata        0x0000000000117d81       0x28 binaries/xsh_argecho.o
 *fill*         0x0000000000117da9        0x3 
 .rodata        0x0000000000117dac      0x123 binaries/xsh_arp.o
 *fill*         0x0000000000117ecf        0x1 
 .rodata        0x0000000000117ed0       0xc9 binaries/xsh_cat.o
 .rodata        0x0000000000117f99       0x19 binaries/xsh_clear.o
 *fill*         0x0000000000117fb2        0x2 
 .rodata        0x0000000000117fb4      0x1c3 binaries/xsh_date.o
 .rodata        0x0000000000118177       0x5d binaries/xsh_devdump.o
 .rodata        0x00000000001181d4        0x9 binaries/xsh_echo.o
 *fill*         0x00000000001181dd        0x3 
 .rodata        0x00000000001181e0      0x169 binaries/xsh_help.o
 *fill*         0x0000000000118349        0x3 
 .rodata        0x000000000011834c      0x12e binaries/xsh_kill.o
 *fill*         0x000000000011847a        0x2 
 .rodata        0x000000000011847c      0x266 binaries/xsh_memdump.o
 *fill*         0x00000000001186e2        0x2 
 .rodata        0x00000000001186e4      0x225 binaries/xsh_memstat.o
 *fill*         0x0000000000118909        0x3 
 .rodata        0x000000000011890c      0x1b0 binaries/xsh_netinfo.o
 .rodata        0x0000000000118abc      0x1a1 binaries/xsh_ping.o
 *fill*         0x0000000000118c5d        0x3 
 .rodata        0x0000000000118c60      0x1e0 binaries/xsh_ps.o
 .rodata        0x0000000000118e40       0xeb binaries/xsh_sleep.o
 *fill*         0x0000000000118f2b        0x1 
 .rodata        0x0000000000118f2c      0x1b8 binaries/xsh_udpdump.o
 .rodata        0x00000000001190e4      0x215 binaries/xsh_udpecho.o
 *fill*         0x00000000001192f9        0x3 
 .rodata        0x00000000001192fc      0x12b binaries/xsh_udpserver.o
 *fill*         0x0000000000119427        0x1 
 .rodata        0x0000000000119428      0x105 binaries/xsh_uptime.o
                0x000000000011952d                etext = ABSOLUTE (.)
                0x000000000011a000                . = ALIGN (0x1000)
 *fill*         0x000000000011952d      0xad3 

.eh_frame       0x000000000011a000     0x2c14
 .eh_frame      0x000000000011a000       0x38 binaries/ascdate.o
 .eh_frame      0x000000000011a038       0x20 binaries/bufinit.o
                                         0x38 (size before relaxing)
 .eh_frame      0x000000000011a058       0x20 binaries/chprio.o
                                         0x38 (size before relaxing)
 .eh_frame      0x000000000011a078       0x20 binaries/clkhandler.o
                                         0x38 (size before relaxing)
 .eh_frame      0x000000000011a098       0x20 binaries/clkinit.o
                                         0x38 (size before relaxing)
 .eh_frame      0x000000000011a0b8       0x20 binaries/close.o
                                         0x38 (size before relaxing)
 .eh_frame      0x000000000011a0d8       0x20 binaries/control.o
                                         0x38 (size before relaxing)
 .eh_frame      0x000000000011a0f8       0x40 binaries/create.o
                                         0x58 (size before relaxing)
 .eh_frame      0x000000000011a138      0x104 binaries/early_imr.o
                                        0x11c (size before relaxing)
 .eh_frame      0x000000000011a23c       0xe0 binaries/evec.o
                                         0xf8 (size before relaxing)
 .eh_frame      0x000000000011a31c       0x20 binaries/exit.o
                                         0x38 (size before relaxing)
 .eh_frame      0x000000000011a33c       0x20 binaries/freebuf.o
                                         0x38 (size before relaxing)
 .eh_frame      0x000000000011a35c       0x20 binaries/freemem.o
                                         0x38 (size before relaxing)
 .eh_frame      0x000000000011a37c       0x20 binaries/getbuf.o
                                         0x38 (size before relaxing)
 .eh_frame      0x000000000011a39c       0x20 binaries/getc.o
                                         0x38 (size before relaxing)
 .eh_frame      0x000000000011a3bc       0x20 binaries/getdev.o
                                         0x38 (size before relaxing)
 .eh_frame      0x000000000011a3dc       0x60 binaries/getitem.o
                                         0x78 (size before relaxing)
 .eh_frame      0x000000000011a43c       0x20 binaries/getmem.o
                                         0x38 (size before relaxing)
 .eh_frame      0x000000000011a45c       0x20 binaries/getpid.o
                                         0x38 (size before relaxing)
 .eh_frame      0x000000000011a47c       0x20 binaries/getprio.o
                                         0x38 (size before relaxing)
 .eh_frame      0x000000000011a49c       0x20 binaries/getstk.o
                                         0x38 (size before relaxing)
 .eh_frame      0x000000000011a4bc       0x20 binaries/getticks.o
                                         0x38 (size before relaxing)
 .eh_frame      0x000000000011a4dc       0x20 binaries/gettime.o
                                         0x38 (size before relaxing)
 .eh_frame      0x000000000011a4fc       0x20 binaries/getutime.o
                                         0x38 (size before relaxing)
 .eh_frame      0x000000000011a51c       0x20 binaries/init.o
                                         0x38 (size before relaxing)
 .eh_frame      0x000000000011a53c       0xa0 binaries/initialize.o
                                         0xb8 (size before relaxing)
 .eh_frame      0x000000000011a5dc       0x20 binaries/insert.o
                                         0x38 (size before relaxing)
 .eh_frame      0x000000000011a5fc       0x20 binaries/insertd.o
                                         0x38 (size before relaxing)
 .eh_frame      0x000000000011a61c       0x20 binaries/ioerr.o
                                         0x38 (size before relaxing)
 .eh_frame      0x000000000011a63c       0x20 binaries/ionull.o
                                         0x38 (size before relaxing)
 .eh_frame      0x000000000011a65c       0x20 binaries/kill.o
                                         0x38 (size before relaxing)
 .eh_frame      0x000000000011a67c       0x60 binaries/kprintf.o
                                         0x78 (size before relaxing)
 .eh_frame      0x000000000011a6dc       0x24 binaries/main.o
                                         0x3c (size before relaxing)
 .eh_frame      0x000000000011a700       0x40 binaries/mark.o
                                         0x58 (size before relaxing)
 .eh_frame      0x000000000011a740       0x44 binaries/meminit.o
                                         0x5c (size before relaxing)
 .eh_frame      0x000000000011a784       0x20 binaries/mkbufpool.o
                                         0x38 (size before relaxing)
 .eh_frame      0x000000000011a7a4       0x20 binaries/newqueue.o
                                         0x38 (size before relaxing)
 .eh_frame      0x000000000011a7c4       0x20 binaries/open.o
                                         0x38 (size before relaxing)
 .eh_frame      0x000000000011a7e4       0x1c binaries/panic.o
                                         0x34 (size before relaxing)
 .eh_frame      0x000000000011a800      0x1e0 binaries/pci.o
                                        0x1f8 (size before relaxing)
 .eh_frame      0x000000000011a9e0       0x60 binaries/platinit.o
                                         0x78 (size before relaxing)
 .eh_frame      0x000000000011aa40       0x20 binaries/ptclear.o
                                         0x38 (size before relaxing)
 .eh_frame      0x000000000011aa60       0x20 binaries/ptcount.o
                                         0x38 (size before relaxing)
 .eh_frame      0x000000000011aa80       0x20 binaries/ptcreate.o
                                         0x38 (size before relaxing)
 .eh_frame      0x000000000011aaa0       0x20 binaries/ptdelete.o
                                         0x38 (size before relaxing)
 .eh_frame      0x000000000011aac0       0x20 binaries/ptinit.o
                                         0x38 (size before relaxing)
 .eh_frame      0x000000000011aae0       0x20 binaries/ptrecv.o
                                         0x38 (size before relaxing)
 .eh_frame      0x000000000011ab00       0x20 binaries/ptreset.o
                                         0x38 (size before relaxing)
 .eh_frame      0x000000000011ab20       0x20 binaries/ptsend.o
                                         0x38 (size before relaxing)
 .eh_frame      0x000000000011ab40       0x20 binaries/putc.o
                                         0x38 (size before relaxing)
 .eh_frame      0x000000000011ab60       0x20 binaries/quark_irq.o
                                         0x38 (size before relaxing)
 .eh_frame      0x000000000011ab80       0x40 binaries/quark_pdat.o
                                         0x58 (size before relaxing)
 .eh_frame      0x000000000011abc0       0x40 binaries/queue.o
                                         0x58 (size before relaxing)
 .eh_frame      0x000000000011ac00       0x20 binaries/read.o
                                         0x38 (size before relaxing)
 .eh_frame      0x000000000011ac20       0x24 binaries/ready.o
                                         0x3c (size before relaxing)
 .eh_frame      0x000000000011ac44       0x20 binaries/receive.o
                                         0x38 (size before relaxing)
 .eh_frame      0x000000000011ac64       0x20 binaries/recvclr.o
                                         0x38 (size before relaxing)
 .eh_frame      0x000000000011ac84       0x20 binaries/recvtime.o
                                         0x38 (size before relaxing)
 .eh_frame      0x000000000011aca4       0x40 binaries/resched.o
                                         0x58 (size before relaxing)
 .eh_frame      0x000000000011ace4       0x20 binaries/resume.o
                                         0x38 (size before relaxing)
 .eh_frame      0x000000000011ad04       0x20 binaries/seek.o
                                         0x38 (size before relaxing)
 .eh_frame      0x000000000011ad24       0x20 binaries/semcount.o
                                         0x38 (size before relaxing)
 .eh_frame      0x000000000011ad44       0x40 binaries/semcreate.o
                                         0x58 (size before relaxing)
 .eh_frame      0x000000000011ad84       0x20 binaries/semdelete.o
                                         0x38 (size before relaxing)
 .eh_frame      0x000000000011ada4       0x20 binaries/semreset.o
                                         0x38 (size before relaxing)
 .eh_frame      0x000000000011adc4       0x20 binaries/send.o
                                         0x38 (size before relaxing)
 .eh_frame      0x000000000011ade4       0x20 binaries/signal.o
                                         0x38 (size before relaxing)
 .eh_frame      0x000000000011ae04       0x20 binaries/signaln.o
                                         0x38 (size before relaxing)
 .eh_frame      0x000000000011ae24       0x40 binaries/sleep.o
                                         0x58 (size before relaxing)
 .eh_frame      0x000000000011ae64       0x20 binaries/stacktrace.o
                                         0x38 (size before relaxing)
 .eh_frame      0x000000000011ae84       0x20 binaries/suspend.o
                                         0x38 (size before relaxing)
 .eh_frame      0x000000000011aea4       0x20 binaries/unsleep.o
                                         0x38 (size before relaxing)
 .eh_frame      0x000000000011aec4       0x20 binaries/userret.o
                                         0x38 (size before relaxing)
 .eh_frame      0x000000000011aee4       0x20 binaries/wait.o
                                         0x38 (size before relaxing)
 .eh_frame      0x000000000011af04       0x20 binaries/wakeup.o
                                         0x38 (size before relaxing)
 .eh_frame      0x000000000011af24       0x20 binaries/write.o
                                         0x38 (size before relaxing)
 .eh_frame      0x000000000011af44       0x20 binaries/xdone.o
                                         0x38 (size before relaxing)
 .eh_frame      0x000000000011af64       0x20 binaries/yield.o
                                         0x38 (size before relaxing)
 .eh_frame      0x000000000011af84       0x20 binaries/abs.o
                                         0x38 (size before relaxing)
 .eh_frame      0x000000000011afa4       0x20 binaries/atoi.o
                                         0x38 (size before relaxing)
 .eh_frame      0x000000000011afc4       0x20 binaries/atol.o
                                         0x38 (size before relaxing)
 .eh_frame      0x000000000011afe4       0x20 binaries/bzero.o
                                         0x38 (size before relaxing)
 .eh_frame      0x000000000011b004       0xe0 binaries/doprnt.o
                                         0xf8 (size before relaxing)
 .eh_frame      0x000000000011b0e4       0xb0 binaries/doscan.o
                                         0xc8 (size before relaxing)
 .eh_frame      0x000000000011b194       0xc0 binaries/fdoprnt.o
                                         0xd8 (size before relaxing)
 .eh_frame      0x000000000011b254       0x20 binaries/fgetc.o
                                         0x38 (size before relaxing)
 .eh_frame      0x000000000011b274       0x20 binaries/fgets.o
                                         0x38 (size before relaxing)
 .eh_frame      0x000000000011b294       0x20 binaries/fprintf.o
                                         0x38 (size before relaxing)
 .eh_frame      0x000000000011b2b4       0x20 binaries/fputc.o
                                         0x38 (size before relaxing)
 .eh_frame      0x000000000011b2d4       0x20 binaries/fputs.o
                                         0x38 (size before relaxing)
 .eh_frame      0x000000000011b2f4       0x60 binaries/fscanf.o
                                         0x78 (size before relaxing)
 .eh_frame      0x000000000011b354       0x20 binaries/getchar.o
                                         0x38 (size before relaxing)
 .eh_frame      0x000000000011b374       0x20 binaries/labs.o
                                         0x38 (size before relaxing)
 .eh_frame      0x000000000011b394       0x20 binaries/memcmp.o
                                         0x38 (size before relaxing)
 .eh_frame      0x000000000011b3b4       0x24 binaries/memcpy.o
                                         0x3c (size before relaxing)
 .eh_frame      0x000000000011b3d8       0x24 binaries/memset.o
                                         0x3c (size before relaxing)
 .eh_frame      0x000000000011b3fc       0x20 binaries/printf.o
                                         0x38 (size before relaxing)
 .eh_frame      0x000000000011b41c       0x20 binaries/putchar.o
                                         0x38 (size before relaxing)
 .eh_frame      0x000000000011b43c       0xa8 binaries/qsort.o
                                         0xc0 (size before relaxing)
 .eh_frame      0x000000000011b4e4       0x60 binaries/rand.o
                                         0x78 (size before relaxing)
 .eh_frame      0x000000000011b544       0x40 binaries/sprintf.o
                                         0x58 (size before relaxing)
 .eh_frame      0x000000000011b584       0x60 binaries/sscanf.o
                                         0x78 (size before relaxing)
 .eh_frame      0x000000000011b5e4       0x20 binaries/strchr.o
                                         0x38 (size before relaxing)
 .eh_frame      0x000000000011b604       0x20 binaries/strcmp.o
                                         0x38 (size before relaxing)
 .eh_frame      0x000000000011b624       0x20 binaries/strcpy.o
                                         0x38 (size before relaxing)
 .eh_frame      0x000000000011b644       0x20 binaries/strlen.o
                                         0x38 (size before relaxing)
 .eh_frame      0x000000000011b664       0x20 binaries/strncat.o
                                         0x38 (size before relaxing)
 .eh_frame      0x000000000011b684       0x20 binaries/strncmp.o
                                         0x38 (size before relaxing)
 .eh_frame      0x000000000011b6a4       0x28 binaries/strncpy.o
                                         0x40 (size before relaxing)
 .eh_frame      0x000000000011b6cc       0x20 binaries/strnlen.o
                                         0x38 (size before relaxing)
 .eh_frame      0x000000000011b6ec       0x20 binaries/strrchr.o
                                         0x38 (size before relaxing)
 .eh_frame      0x000000000011b70c       0x20 binaries/strstr.o
                                         0x38 (size before relaxing)
 .eh_frame      0x000000000011b72c       0x20 binaries/ttycontrol.o
                                         0x38 (size before relaxing)
 .eh_frame      0x000000000011b74c       0x20 binaries/ttygetc.o
                                         0x38 (size before relaxing)
 .eh_frame      0x000000000011b76c       0x80 binaries/ttyhandle_in.o
                                         0x98 (size before relaxing)
 .eh_frame      0x000000000011b7ec       0x20 binaries/ttyhandle_out.o
                                         0x38 (size before relaxing)
 .eh_frame      0x000000000011b80c       0x20 binaries/ttyhandler.o
                                         0x38 (size before relaxing)
 .eh_frame      0x000000000011b82c       0x20 binaries/ttyinit.o
                                         0x38 (size before relaxing)
 .eh_frame      0x000000000011b84c       0x20 binaries/ttykickout.o
                                         0x38 (size before relaxing)
 .eh_frame      0x000000000011b86c       0x20 binaries/ttyputc.o
                                         0x38 (size before relaxing)
 .eh_frame      0x000000000011b88c       0x24 binaries/ttyread.o
                                         0x3c (size before relaxing)
 .eh_frame      0x000000000011b8b0       0x20 binaries/ttywrite.o
                                         0x38 (size before relaxing)
 .eh_frame      0x000000000011b8d0       0x40 binaries/mount.o
                                         0x58 (size before relaxing)
 .eh_frame      0x000000000011b910       0x20 binaries/naminit.o
                                         0x38 (size before relaxing)
 .eh_frame      0x000000000011b930       0x60 binaries/nammap.o
                                         0x78 (size before relaxing)
 .eh_frame      0x000000000011b990       0x20 binaries/namopen.o
                                         0x38 (size before relaxing)
 .eh_frame      0x000000000011b9b0       0x20 binaries/ethcontrol.o
                                         0x38 (size before relaxing)
 .eh_frame      0x000000000011b9d0       0x20 binaries/ethhandler.o
                                         0x38 (size before relaxing)
 .eh_frame      0x000000000011b9f0       0x9c binaries/ethinit.o
                                         0xb4 (size before relaxing)
 .eh_frame      0x000000000011ba8c       0x40 binaries/ethmcast.o
                                         0x58 (size before relaxing)
 .eh_frame      0x000000000011bacc       0x20 binaries/ethread.o
                                         0x38 (size before relaxing)
 .eh_frame      0x000000000011baec       0x20 binaries/ethwrite.o
                                         0x38 (size before relaxing)
 .eh_frame      0x000000000011bb0c       0x20 binaries/rdsbufalloc.o
                                         0x38 (size before relaxing)
 .eh_frame      0x000000000011bb2c       0x20 binaries/rdsclose.o
                                         0x38 (size before relaxing)
 .eh_frame      0x000000000011bb4c       0x20 binaries/rdscomm.o
                                         0x38 (size before relaxing)
 .eh_frame      0x000000000011bb6c       0x20 binaries/rdscontrol.o
                                         0x38 (size before relaxing)
 .eh_frame      0x000000000011bb8c       0x20 binaries/rdsinit.o
                                         0x38 (size before relaxing)
 .eh_frame      0x000000000011bbac       0x20 binaries/rdsopen.o
                                         0x38 (size before relaxing)
 .eh_frame      0x000000000011bbcc       0x1c binaries/rdsprocess.o
                                         0x34 (size before relaxing)
 .eh_frame      0x000000000011bbe8       0x20 binaries/rdsread.o
                                         0x38 (size before relaxing)
 .eh_frame      0x000000000011bc08       0x20 binaries/rdswrite.o
                                         0x38 (size before relaxing)
 .eh_frame      0x000000000011bc28       0x20 binaries/ramclose.o
                                         0x38 (size before relaxing)
 .eh_frame      0x000000000011bc48       0x20 binaries/raminit.o
                                         0x38 (size before relaxing)
 .eh_frame      0x000000000011bc68       0x20 binaries/ramopen.o
                                         0x38 (size before relaxing)
 .eh_frame      0x000000000011bc88       0x20 binaries/ramread.o
                                         0x38 (size before relaxing)
 .eh_frame      0x000000000011bca8       0x20 binaries/ramwrite.o
                                         0x38 (size before relaxing)
 .eh_frame      0x000000000011bcc8       0x20 binaries/lfdballoc.o
                                         0x38 (size before relaxing)
 .eh_frame      0x000000000011bce8       0x20 binaries/lfdbfree.o
                                         0x38 (size before relaxing)
 .eh_frame      0x000000000011bd08       0x20 binaries/lfflush.o
                                         0x38 (size before relaxing)
 .eh_frame      0x000000000011bd28       0x20 binaries/lfgetmode.o
                                         0x38 (size before relaxing)
 .eh_frame      0x000000000011bd48       0x20 binaries/lfiballoc.o
                                         0x38 (size before relaxing)
 .eh_frame      0x000000000011bd68       0x20 binaries/lfibclear.o
                                         0x38 (size before relaxing)
 .eh_frame      0x000000000011bd88       0x20 binaries/lfibget.o
                                         0x38 (size before relaxing)
 .eh_frame      0x000000000011bda8       0x20 binaries/lfibput.o
                                         0x38 (size before relaxing)
 .eh_frame      0x000000000011bdc8       0x20 binaries/lflclose.o
                                         0x38 (size before relaxing)
 .eh_frame      0x000000000011bde8       0x20 binaries/lflcontrol.o
                                         0x38 (size before relaxing)
 .eh_frame      0x000000000011be08       0x20 binaries/lflgetc.o
                                         0x38 (size before relaxing)
 .eh_frame      0x000000000011be28       0x20 binaries/lflinit.o
                                         0x38 (size before relaxing)
 .eh_frame      0x000000000011be48       0x20 binaries/lflputc.o
                                         0x38 (size before relaxing)
 .eh_frame      0x000000000011be68       0x20 binaries/lflread.o
                                         0x38 (size before relaxing)
 .eh_frame      0x000000000011be88       0x20 binaries/lflseek.o
                                         0x38 (size before relaxing)
 .eh_frame      0x000000000011bea8       0x20 binaries/lflwrite.o
                                         0x38 (size before relaxing)
 .eh_frame      0x000000000011bec8       0x20 binaries/lfscheck.o
                                         0x38 (size before relaxing)
 .eh_frame      0x000000000011bee8       0x20 binaries/lfsckfmt.o
                                         0x38 (size before relaxing)
 .eh_frame      0x000000000011bf08       0x20 binaries/lfscreate.o
                                         0x38 (size before relaxing)
 .eh_frame      0x000000000011bf28       0x20 binaries/lfsetup.o
                                         0x38 (size before relaxing)
 .eh_frame      0x000000000011bf48       0x20 binaries/lfsinit.o
                                         0x38 (size before relaxing)
 .eh_frame      0x000000000011bf68       0x20 binaries/lfsopen.o
                                         0x38 (size before relaxing)
 .eh_frame      0x000000000011bf88       0x20 binaries/lftruncate.o
                                         0x38 (size before relaxing)
 .eh_frame      0x000000000011bfa8       0x20 binaries/rflclose.o
                                         0x38 (size before relaxing)
 .eh_frame      0x000000000011bfc8       0x20 binaries/rflgetc.o
                                         0x38 (size before relaxing)
 .eh_frame      0x000000000011bfe8       0x20 binaries/rflinit.o
                                         0x38 (size before relaxing)
 .eh_frame      0x000000000011c008       0x20 binaries/rflputc.o
                                         0x38 (size before relaxing)
 .eh_frame      0x000000000011c028       0x20 binaries/rflread.o
                                         0x38 (size before relaxing)
 .eh_frame      0x000000000011c048       0x20 binaries/rflseek.o
                                         0x38 (size before relaxing)
 .eh_frame      0x000000000011c068       0x20 binaries/rflwrite.o
                                         0x38 (size before relaxing)
 .eh_frame      0x000000000011c088       0x20 binaries/rfscomm.o
                                         0x38 (size before relaxing)
 .eh_frame      0x000000000011c0a8       0x20 binaries/rfscontrol.o
                                         0x38 (size before relaxing)
 .eh_frame      0x000000000011c0c8       0x20 binaries/rfsgetmode.o
                                         0x38 (size before relaxing)
 .eh_frame      0x000000000011c0e8       0x20 binaries/rfsinit.o
                                         0x38 (size before relaxing)
 .eh_frame      0x000000000011c108       0x20 binaries/rfsndmsg.o
                                         0x38 (size before relaxing)
 .eh_frame      0x000000000011c128       0x20 binaries/rfsopen.o
                                         0x38 (size before relaxing)
 .eh_frame      0x000000000011c148       0xc0 binaries/arp.o
                                         0xd8 (size before relaxing)
 .eh_frame      0x000000000011c208       0xa0 binaries/dhcp.o
                                         0xb8 (size before relaxing)
 .eh_frame      0x000000000011c2a8       0x80 binaries/dns.o
                                         0x98 (size before relaxing)
 .eh_frame      0x000000000011c328       0x20 binaries/dot2ip.o
                                         0x38 (size before relaxing)
 .eh_frame      0x000000000011c348       0x40 binaries/hexdump.o
                                         0x58 (size before relaxing)
 .eh_frame      0x000000000011c388      0x14c binaries/icmp.o
                                        0x164 (size before relaxing)
 .eh_frame      0x000000000011c4d4      0x11c binaries/ip.o
                                        0x134 (size before relaxing)
 .eh_frame      0x000000000011c5f0       0xa0 binaries/net.o
                                         0xb8 (size before relaxing)
 .eh_frame      0x000000000011c690       0x60 binaries/pdump.o
                                         0x78 (size before relaxing)
 .eh_frame      0x000000000011c6f0       0x4c binaries/tftp.o
                                         0x64 (size before relaxing)
 .eh_frame      0x000000000011c73c      0x140 binaries/udp.o
                                        0x158 (size before relaxing)
 .eh_frame      0x000000000011c87c       0x20 binaries/addargs.o
                                         0x38 (size before relaxing)
 .eh_frame      0x000000000011c89c       0x20 binaries/lexan.o
                                         0x38 (size before relaxing)
 .eh_frame      0x000000000011c8bc       0x20 binaries/shell.o
                                         0x38 (size before relaxing)
 .eh_frame      0x000000000011c8dc       0x20 binaries/xsh_argecho.o
                                         0x38 (size before relaxing)
 .eh_frame      0x000000000011c8fc       0x40 binaries/xsh_arp.o
                                         0x58 (size before relaxing)
 .eh_frame      0x000000000011c93c       0x20 binaries/xsh_cat.o
                                         0x38 (size before relaxing)
 .eh_frame      0x000000000011c95c       0x20 binaries/xsh_clear.o
                                         0x38 (size before relaxing)
 .eh_frame      0x000000000011c97c       0x20 binaries/xsh_date.o
                                         0x38 (size before relaxing)
 .eh_frame      0x000000000011c99c       0x20 binaries/xsh_devdump.o
                                         0x38 (size before relaxing)
 .eh_frame      0x000000000011c9bc       0x20 binaries/xsh_echo.o
                                         0x38 (size before relaxing)
 .eh_frame      0x000000000011c9dc       0x20 binaries/xsh_exit.o
                                         0x38 (size before relaxing)
 .eh_frame      0x000000000011c9fc       0x20 binaries/xsh_help.o
                                         0x38 (size before relaxing)
 .eh_frame      0x000000000011ca1c       0x20 binaries/xsh_kill.o
                                         0x38 (size before relaxing)
 .eh_frame      0x000000000011ca3c       0x40 binaries/xsh_memdump.o
                                         0x58 (size before relaxing)
 .eh_frame      0x000000000011ca7c       0x60 binaries/xsh_memstat.o
                                         0x78 (size before relaxing)
 .eh_frame      0x000000000011cadc       0x30 binaries/xsh_netinfo.o
                                         0x48 (size before relaxing)
 .eh_frame      0x000000000011cb0c       0x24 binaries/xsh_ping.o
                                         0x3c (size before relaxing)
 .eh_frame      0x000000000011cb30       0x30 binaries/xsh_ps.o
                                         0x48 (size before relaxing)
 .eh_frame      0x000000000011cb60       0x20 binaries/xsh_sleep.o
                                         0x38 (size before relaxing)
 .eh_frame      0x000000000011cb80       0x20 binaries/xsh_udpdump.o
                                         0x38 (size before relaxing)
 .eh_frame      0x000000000011cba0       0x30 binaries/xsh_udpecho.o
                                         0x48 (size before relaxing)
 .eh_frame      0x000000000011cbd0       0x24 binaries/xsh_udpserver.o
                                         0x3c (size before relaxing)
 .eh_frame      0x000000000011cbf4       0x20 binaries/xsh_uptime.o
                                         0x38 (size before relaxing)

.iplt           0x000000000011cc20        0x0
 .iplt          0x000000000011cc20        0x0 binaries/start.o

.rel.dyn        0x000000000011cc14        0x0
 .rel.iplt      0x000000000011cc14        0x0 binaries/start.o
 .rel.text      0x000000000011cc14        0x0 binaries/start.o
 .rel.data      0x000000000011cc14        0x0 binaries/start.o
 .rel.rodata    0x000000000011cc14        0x0 binaries/start.o

.data           0x000000000011cc20     0x13e0
                0x000000000011cc20                data = ABSOLUTE (.)
 *(.data .data.*)
 .data          0x000000000011cc20      0x83a binaries/start.o
                0x000000000011cc20                gdt
                0x000000000011cc50                idt
                0x000000000011d456                cpudelay
 *fill*         0x000000000011d45a        0x6 
 .data          0x000000000011d460       0x88 binaries/ascdate.o
                0x000000000011d460                Date
 .data          0x000000000011d4e8        0x0 binaries/bufinit.o
 .data          0x000000000011d4e8        0x0 binaries/chprio.o
 .data          0x000000000011d4e8        0x0 binaries/clkhandler.o
 .data          0x000000000011d4e8        0x4 binaries/clkinit.o
                0x000000000011d4e8                hpet
 .data          0x000000000011d4ec        0x0 binaries/close.o
 *fill*         0x000000000011d4ec       0x14 
 .data          0x000000000011d500      0x5a0 binaries/conf.o
                0x000000000011d500                devtab
 .data          0x000000000011daa0        0x0 binaries/control.o
 .data          0x000000000011daa0        0x4 binaries/create.o
 .data          0x000000000011daa4        0x0 binaries/early_imr.o
 *fill*         0x000000000011daa4       0x1c 
 .data          0x000000000011dac0       0x60 binaries/evec.o
                0x000000000011dac0                lapic
                0x000000000011dae0                inames
 .data          0x000000000011db20        0x0 binaries/exit.o
 .data          0x000000000011db20        0x0 binaries/freebuf.o
 .data          0x000000000011db20        0x0 binaries/freemem.o
 .data          0x000000000011db20        0x0 binaries/getbuf.o
 .data          0x000000000011db20        0x0 binaries/getc.o
 .data          0x000000000011db20        0x0 binaries/getdev.o
 .data          0x000000000011db20        0x0 binaries/getitem.o
 .data          0x000000000011db20        0x0 binaries/getmem.o
 .data          0x000000000011db20        0x0 binaries/getpid.o
 .data          0x000000000011db20        0x0 binaries/getprio.o
 .data          0x000000000011db20        0x0 binaries/getstk.o
 .data          0x000000000011db20        0x0 binaries/getticks.o
 .data          0x000000000011db20        0x0 binaries/gettime.o
 .data          0x000000000011db20        0x0 binaries/getutime.o
 .data          0x000000000011db20        0x0 binaries/init.o
 .data          0x000000000011db20        0x0 binaries/initialize.o
 .data          0x000000000011db20        0x0 binaries/insert.o
 .data          0x000000000011db20        0x0 binaries/insertd.o
 .data          0x000000000011db20        0x0 binaries/ioerr.o
 .data          0x000000000011db20        0x0 binaries/ionull.o
 .data          0x000000000011db20        0x0 binaries/kill.o
 .data          0x000000000011db20        0x0 binaries/kprintf.o
 .data          0x000000000011db20        0x0 binaries/main.o
 .data          0x000000000011db20        0x0 binaries/mark.o
 .data          0x000000000011db20       0x40 binaries/meminit.o
                0x000000000011db20                bootsign
                0x000000000011db24                bootinfo
                0x000000000011db40                gdt_copy
 .data          0x000000000011db60        0x0 binaries/mkbufpool.o
 .data          0x000000000011db60        0x2 binaries/newqueue.o
 .data          0x000000000011db62        0x0 binaries/open.o
 .data          0x000000000011db62        0x0 binaries/panic.o
 .data          0x000000000011db62        0x0 binaries/pci.o
 .data          0x000000000011db62        0x0 binaries/platinit.o
 .data          0x000000000011db62        0x0 binaries/ptclear.o
 .data          0x000000000011db62        0x0 binaries/ptcount.o
[...]
 .comment       0x000000000000002a       0x2b binaries/hexdump.o
 .comment       0x000000000000002a       0x2b binaries/icmp.o
 .comment       0x000000000000002a       0x2b binaries/ip.o
 .comment       0x000000000000002a       0x2b binaries/net.o
 .comment       0x000000000000002a       0x2b binaries/pdump.o
 .comment       0x000000000000002a       0x2b binaries/tftp.o
 .comment       0x000000000000002a       0x2b binaries/udp.o
 .comment       0x000000000000002a       0x2b binaries/addargs.o
 .comment       0x000000000000002a       0x2b binaries/lexan.o
 .comment       0x000000000000002a       0x2b binaries/shell.o
 .comment       0x000000000000002a       0x2b binaries/xsh_argecho.o
 .comment       0x000000000000002a       0x2b binaries/xsh_arp.o
 .comment       0x000000000000002a       0x2b binaries/xsh_cat.o
 .comment       0x000000000000002a       0x2b binaries/xsh_clear.o
 .comment       0x000000000000002a       0x2b binaries/xsh_date.o
 .comment       0x000000000000002a       0x2b binaries/xsh_devdump.o
 .comment       0x000000000000002a       0x2b binaries/xsh_echo.o
 .comment       0x000000000000002a       0x2b binaries/xsh_exit.o
 .comment       0x000000000000002a       0x2b binaries/xsh_help.o
 .comment       0x000000000000002a       0x2b binaries/xsh_kill.o
 .comment       0x000000000000002a       0x2b binaries/xsh_memdump.o
 .comment       0x000000000000002a       0x2b binaries/xsh_memstat.o
 .comment       0x000000000000002a       0x2b binaries/xsh_netinfo.o
 .comment       0x000000000000002a       0x2b binaries/xsh_ping.o
 .comment       0x000000000000002a       0x2b binaries/xsh_ps.o
 .comment       0x000000000000002a       0x2b binaries/xsh_sleep.o
 .comment       0x000000000000002a       0x2b binaries/xsh_udpdump.o
 .comment       0x000000000000002a       0x2b binaries/xsh_udpecho.o
 .comment       0x000000000000002a       0x2b binaries/xsh_udpserver.o
 .comment       0x000000000000002a       0x2b binaries/xsh_uptime.o

.note.GNU-stack
                0x0000000000000000        0x0
 .note.GNU-stack
                0x0000000000000000        0x0 binaries/ascdate.o
 .note.GNU-stack
                0x0000000000000000        0x0 binaries/bufinit.o
 .note.GNU-stack
                0x0000000000000000        0x0 binaries/chprio.o
 .note.GNU-stack
                0x0000000000000000        0x0 binaries/clkhandler.o
 .note.GNU-stack
                0x0000000000000000        0x0 binaries/clkinit.o
 .note.GNU-stack
                0x0000000000000000        0x0 binaries/close.o
 .note.GNU-stack
                0x0000000000000000        0x0 binaries/conf.o
 .note.GNU-stack
                0x0000000000000000        0x0 binaries/control.o
 .note.GNU-stack
                0x0000000000000000        0x0 binaries/create.o
 .note.GNU-stack
                0x0000000000000000        0x0 binaries/early_imr.o
 .note.GNU-stack
                0x0000000000000000        0x0 binaries/evec.o
 .note.GNU-stack
                0x0000000000000000        0x0 binaries/exit.o
 .note.GNU-stack
                0x0000000000000000        0x0 binaries/freebuf.o
 .note.GNU-stack
                0x0000000000000000        0x0 binaries/freemem.o
 .note.GNU-stack
                0x0000000000000000        0x0 binaries/getbuf.o
 .note.GNU-stack
                0x0000000000000000        0x0 binaries/getc.o
 .note.GNU-stack
                0x0000000000000000        0x0 binaries/getdev.o
 .note.GNU-stack
                0x0000000000000000        0x0 binaries/getitem.o
 .note.GNU-stack
                0x0000000000000000        0x0 binaries/getmem.o
 .note.GNU-stack
                0x0000000000000000        0x0 binaries/getpid.o
 .note.GNU-stack
                0x0000000000000000        0x0 binaries/getprio.o
 .note.GNU-stack
                0x0000000000000000        0x0 binaries/getstk.o
 .note.GNU-stack
                0x0000000000000000        0x0 binaries/getticks.o
 .note.GNU-stack
                0x0000000000000000        0x0 binaries/gettime.o
 .note.GNU-stack
                0x0000000000000000        0x0 binaries/getutime.o
 .note.GNU-stack
                0x0000000000000000        0x0 binaries/init.o
 .note.GNU-stack
                0x0000000000000000        0x0 binaries/initialize.o
 .note.GNU-stack
                0x0000000000000000        0x0 binaries/insert.o
 .note.GNU-stack
                0x0000000000000000        0x0 binaries/insertd.o
 .note.GNU-stack
                0x0000000000000000        0x0 binaries/ioerr.o
 .note.GNU-stack
                0x0000000000000000        0x0 binaries/ionull.o
 .note.GNU-stack
                0x0000000000000000        0x0 binaries/kill.o
 .note.GNU-stack
                0x0000000000000000        0x0 binaries/kprintf.o
 .note.GNU-stack
                0x0000000000000000        0x0 binaries/main.o
 .note.GNU-stack
                0x0000000000000000        0x0 binaries/mark.o
 .note.GNU-stack
                0x0000000000000000        0x0 binaries/meminit.o
 .note.GNU-stack
                0x0000000000000000        0x0 binaries/mkbufpool.o
 .note.GNU-stack
                0x0000000000000000        0x0 binaries/newqueue.o
 .note.GNU-stack
                0x0000000000000000        0x0 binaries/open.o
 .note.GNU-stack
                0x0000000000000000        0x0 binaries/panic.o
 .note.GNU-stack
                0x0000000000000000        0x0 binaries/pci.o
 .note.GNU-stack
                0x0000000000000000        0x0 binaries/platinit.o
 .note.GNU-stack
                0x0000000000000000        0x0 binaries/ptclear.o
 .note.GNU-stack
                0x0000000000000000        0x0 binaries/ptcount.o
 .note.GNU-stack
                0x0000000000000000        0x0 binaries/ptcreate.o
 .note.GNU-stack
                0x0000000000000000        0x0 binaries/ptdelete.o
 .note.GNU-stack
                0x0000000000000000        0x0 binaries/ptinit.o
 .note.GNU-stack
                0x0000000000000000        0x0 binaries/ptrecv.o
 .note.GNU-stack
                0x0000000000000000        0x0 binaries/ptreset.o
 .note.GNU-stack
                0x0000000000000000        0x0 binaries/ptsend.o
 .note.GNU-stack
                0x0000000000000000        0x0 binaries/putc.o
 .note.GNU-stack
                0x0000000000000000        0x0 binaries/quark_irq.o
 .note.GNU-stack
                0x0000000000000000        0x0 binaries/quark_pdat.o
 .note.GNU-stack
                0x0000000000000000        0x0 binaries/queue.o
 .note.GNU-stack
                0x0000000000000000        0x0 binaries/read.o
 .note.GNU-stack
                0x0000000000000000        0x0 binaries/ready.o
 .note.GNU-stack
                0x0000000000000000        0x0 binaries/receive.o
 .note.GNU-stack
                0x0000000000000000        0x0 binaries/recvclr.o
 .note.GNU-stack
                0x0000000000000000        0x0 binaries/recvtime.o
 .note.GNU-stack
                0x0000000000000000        0x0 binaries/resched.o
 .note.GNU-stack
                0x0000000000000000        0x0 binaries/resume.o
 .note.GNU-stack
                0x0000000000000000        0x0 binaries/seek.o
 .note.GNU-stack
                0x0000000000000000        0x0 binaries/semcount.o
 .note.GNU-stack
                0x0000000000000000        0x0 binaries/semcreate.o
 .note.GNU-stack
                0x0000000000000000        0x0 binaries/semdelete.o
 .note.GNU-stack
                0x0000000000000000        0x0 binaries/semreset.o
 .note.GNU-stack
                0x0000000000000000        0x0 binaries/send.o
 .note.GNU-stack
                0x0000000000000000        0x0 binaries/signal.o
 .note.GNU-stack
                0x0000000000000000        0x0 binaries/signaln.o
 .note.GNU-stack
                0x0000000000000000        0x0 binaries/sleep.o
 .note.GNU-stack
                0x0000000000000000        0x0 binaries/stacktrace.o
 .note.GNU-stack
                0x0000000000000000        0x0 binaries/suspend.o
 .note.GNU-stack
                0x0000000000000000        0x0 binaries/unsleep.o
 .note.GNU-stack
                0x0000000000000000        0x0 binaries/userret.o
 .note.GNU-stack
                0x0000000000000000        0x0 binaries/wait.o
 .note.GNU-stack
                0x0000000000000000        0x0 binaries/wakeup.o
 .note.GNU-stack
                0x0000000000000000        0x0 binaries/write.o
 .note.GNU-stack
                0x0000000000000000        0x0 binaries/xdone.o
 .note.GNU-stack
                0x0000000000000000        0x0 binaries/yield.o
 .note.GNU-stack
                0x0000000000000000        0x0 binaries/abs.o
 .note.GNU-stack
                0x0000000000000000        0x0 binaries/atoi.o
 .note.GNU-stack
                0x0000000000000000        0x0 binaries/atol.o
 .note.GNU-stack
                0x0000000000000000        0x0 binaries/bzero.o
 .note.GNU-stack
                0x0000000000000000        0x0 binaries/ctype_.o
 .note.GNU-stack
                0x0000000000000000        0x0 binaries/doprnt.o
 .note.GNU-stack
                0x0000000000000000        0x0 binaries/doscan.o
 .note.GNU-stack
                0x0000000000000000        0x0 binaries/fdoprnt.o
 .note.GNU-stack
                0x0000000000000000        0x0 binaries/fgetc.o
 .note.GNU-stack
                0x0000000000000000        0x0 binaries/fgets.o
 .note.GNU-stack
                0x0000000000000000        0x0 binaries/fprintf.o
 .note.GNU-stack
                0x0000000000000000        0x0 binaries/fputc.o
 .note.GNU-stack
                0x0000000000000000        0x0 binaries/fputs.o
 .note.GNU-stack
                0x0000000000000000        0x0 binaries/fscanf.o
 .note.GNU-stack
                0x0000000000000000        0x0 binaries/getchar.o
 .note.GNU-stack
                0x0000000000000000        0x0 binaries/labs.o
 .note.GNU-stack
                0x0000000000000000        0x0 binaries/memchr.o
 .note.GNU-stack
                0x0000000000000000        0x0 binaries/memcmp.o
 .note.GNU-stack
                0x0000000000000000        0x0 binaries/memcpy.o
 .note.GNU-stack
                0x0000000000000000        0x0 binaries/memset.o
 .note.GNU-stack
                0x0000000000000000        0x0 binaries/printf.o
 .note.GNU-stack
                0x0000000000000000        0x0 binaries/putchar.o
 .note.GNU-stack
                0x0000000000000000        0x0 binaries/qsort.o
 .note.GNU-stack
                0x0000000000000000        0x0 binaries/rand.o
 .note.GNU-stack
                0x0000000000000000        0x0 binaries/sprintf.o
 .note.GNU-stack
                0x0000000000000000        0x0 binaries/sscanf.o
 .note.GNU-stack
                0x0000000000000000        0x0 binaries/strchr.o
 .note.GNU-stack
                0x0000000000000000        0x0 binaries/strcmp.o
 .note.GNU-stack
                0x0000000000000000        0x0 binaries/strcpy.o
 .note.GNU-stack
                0x0000000000000000        0x0 binaries/strlen.o
 .note.GNU-stack
                0x0000000000000000        0x0 binaries/strncat.o
 .note.GNU-stack
                0x0000000000000000        0x0 binaries/strncmp.o
 .note.GNU-stack
                0x0000000000000000        0x0 binaries/strncpy.o
 .note.GNU-stack
                0x0000000000000000        0x0 binaries/strnlen.o
 .note.GNU-stack
                0x0000000000000000        0x0 binaries/strrchr.o
 .note.GNU-stack
                0x0000000000000000        0x0 binaries/strstr.o
 .note.GNU-stack
                0x0000000000000000        0x0 binaries/ttycontrol.o
 .note.GNU-stack
                0x0000000000000000        0x0 binaries/ttygetc.o
 .note.GNU-stack
                0x0000000000000000        0x0 binaries/ttyhandle_in.o
 .note.GNU-stack
                0x0000000000000000        0x0 binaries/ttyhandle_out.o
 .note.GNU-stack
                0x0000000000000000        0x0 binaries/ttyhandler.o
 .note.GNU-stack
                0x0000000000000000        0x0 binaries/ttyinit.o
 .note.GNU-stack
                0x0000000000000000        0x0 binaries/ttykickout.o
 .note.GNU-stack
                0x0000000000000000        0x0 binaries/ttyputc.o
 .note.GNU-stack
                0x0000000000000000        0x0 binaries/ttyread.o
 .note.GNU-stack
                0x0000000000000000        0x0 binaries/ttywrite.o
 .note.GNU-stack
                0x0000000000000000        0x0 binaries/mount.o
 .note.GNU-stack
                0x0000000000000000        0x0 binaries/naminit.o
 .note.GNU-stack
                0x0000000000000000        0x0 binaries/nammap.o
 .note.GNU-stack
                0x0000000000000000        0x0 binaries/namopen.o
 .note.GNU-stack
                0x0000000000000000        0x0 binaries/ethcontrol.o
 .note.GNU-stack
                0x0000000000000000        0x0 binaries/ethhandler.o
 .note.GNU-stack
                0x0000000000000000        0x0 binaries/ethinit.o
 .note.GNU-stack
                0x0000000000000000        0x0 binaries/ethmcast.o
 .note.GNU-stack
                0x0000000000000000        0x0 binaries/ethread.o
 .note.GNU-stack
                0x0000000000000000        0x0 binaries/ethwrite.o
 .note.GNU-stack
                0x0000000000000000        0x0 binaries/rdsbufalloc.o
 .note.GNU-stack
                0x0000000000000000        0x0 binaries/rdsclose.o
 .note.GNU-stack
                0x0000000000000000        0x0 binaries/rdscomm.o
 .note.GNU-stack
                0x0000000000000000        0x0 binaries/rdscontrol.o
 .note.GNU-stack
                0x0000000000000000        0x0 binaries/rdsinit.o
 .note.GNU-stack
                0x0000000000000000        0x0 binaries/rdsopen.o
 .note.GNU-stack
                0x0000000000000000        0x0 binaries/rdsprocess.o
 .note.GNU-stack
                0x0000000000000000        0x0 binaries/rdsread.o
 .note.GNU-stack
                0x0000000000000000        0x0 binaries/rdswrite.o
 .note.GNU-stack
                0x0000000000000000        0x0 binaries/ramclose.o
 .note.GNU-stack
                0x0000000000000000        0x0 binaries/raminit.o
 .note.GNU-stack
                0x0000000000000000        0x0 binaries/ramopen.o
 .note.GNU-stack
                0x0000000000000000        0x0 binaries/ramread.o
 .note.GNU-stack
                0x0000000000000000        0x0 binaries/ramwrite.o
 .note.GNU-stack
                0x0000000000000000        0x0 binaries/lfdballoc.o
 .note.GNU-stack
                0x0000000000000000        0x0 binaries/lfdbfree.o
 .note.GNU-stack
                0x0000000000000000        0x0 binaries/lfflush.o
 .note.GNU-stack
                0x0000000000000000        0x0 binaries/lfgetmode.o
 .note.GNU-stack
                0x0000000000000000        0x0 binaries/lfiballoc.o
 .note.GNU-stack
                0x0000000000000000        0x0 binaries/lfibclear.o
 .note.GNU-stack
                0x0000000000000000        0x0 binaries/lfibget.o
 .note.GNU-stack
                0x0000000000000000        0x0 binaries/lfibput.o
 .note.GNU-stack
                0x0000000000000000        0x0 binaries/lflclose.o
 .note.GNU-stack
                0x0000000000000000        0x0 binaries/lflcontrol.o
 .note.GNU-stack
                0x0000000000000000        0x0 binaries/lflgetc.o
 .note.GNU-stack
                0x0000000000000000        0x0 binaries/lflinit.o
 .note.GNU-stack
                0x0000000000000000        0x0 binaries/lflputc.o
 .note.GNU-stack
                0x0000000000000000        0x0 binaries/lflread.o
 .note.GNU-stack
                0x0000000000000000        0x0 binaries/lflseek.o
 .note.GNU-stack
                0x0000000000000000        0x0 binaries/lflwrite.o
 .note.GNU-stack
                0x0000000000000000        0x0 binaries/lfscheck.o
 .note.GNU-stack
                0x0000000000000000        0x0 binaries/lfsckfmt.o
 .note.GNU-stack
                0x0000000000000000        0x0 binaries/lfscreate.o
 .note.GNU-stack
                0x0000000000000000        0x0 binaries/lfsetup.o
 .note.GNU-stack
                0x0000000000000000        0x0 binaries/lfsinit.o
 .note.GNU-stack
                0x0000000000000000        0x0 binaries/lfsopen.o
 .note.GNU-stack
                0x0000000000000000        0x0 binaries/lftruncate.o
 .note.GNU-stack
                0x0000000000000000        0x0 binaries/rflclose.o
 .note.GNU-stack
                0x0000000000000000        0x0 binaries/rflgetc.o
 .note.GNU-stack
                0x0000000000000000        0x0 binaries/rflinit.o
 .note.GNU-stack
                0x0000000000000000        0x0 binaries/rflputc.o
 .note.GNU-stack
                0x0000000000000000        0x0 binaries/rflread.o
 .note.GNU-stack
                0x0000000000000000        0x0 binaries/rflseek.o
 .note.GNU-stack
                0x0000000000000000        0x0 binaries/rflwrite.o
 .note.GNU-stack
                0x0000000000000000        0x0 binaries/rfscomm.o
 .note.GNU-stack
                0x0000000000000000        0x0 binaries/rfscontrol.o
 .note.GNU-stack
                0x0000000000000000        0x0 binaries/rfsgetmode.o
 .note.GNU-stack
                0x0000000000000000        0x0 binaries/rfsinit.o
 .note.GNU-stack
                0x0000000000000000        0x0 binaries/rfsndmsg.o
 .note.GNU-stack
                0x0000000000000000        0x0 binaries/rfsopen.o
 .note.GNU-stack
                0x0000000000000000        0x0 binaries/arp.o
 .note.GNU-stack
                0x0000000000000000        0x0 binaries/dhcp.o
 .note.GNU-stack
                0x0000000000000000        0x0 binaries/dns.o
 .note.GNU-stack
                0x0000000000000000        0x0 binaries/dot2ip.o
 .note.GNU-stack
                0x0000000000000000        0x0 binaries/hexdump.o
 .note.GNU-stack
                0x0000000000000000        0x0 binaries/icmp.o
 .note.GNU-stack
                0x0000000000000000        0x0 binaries/ip.o
 .note.GNU-stack
                0x0000000000000000        0x0 binaries/net.o
 .note.GNU-stack
                0x0000000000000000        0x0 binaries/pdump.o
 .note.GNU-stack
                0x0000000000000000        0x0 binaries/tftp.o
 .note.GNU-stack
                0x0000000000000000        0x0 binaries/udp.o
 .note.GNU-stack
                0x0000000000000000        0x0 binaries/addargs.o
 .note.GNU-stack
                0x0000000000000000        0x0 binaries/lexan.o
 .note.GNU-stack
                0x0000000000000000        0x0 binaries/shell.o
 .note.GNU-stack
                0x0000000000000000        0x0 binaries/xsh_argecho.o
 .note.GNU-stack
                0x0000000000000000        0x0 binaries/xsh_arp.o
 .note.GNU-stack
                0x0000000000000000        0x0 binaries/xsh_cat.o
 .note.GNU-stack
                0x0000000000000000        0x0 binaries/xsh_clear.o
 .note.GNU-stack
                0x0000000000000000        0x0 binaries/xsh_date.o
 .note.GNU-stack
                0x0000000000000000        0x0 binaries/xsh_devdump.o
 .note.GNU-stack
                0x0000000000000000        0x0 binaries/xsh_echo.o
 .note.GNU-stack
                0x0000000000000000        0x0 binaries/xsh_exit.o
 .note.GNU-stack
                0x0000000000000000        0x0 binaries/xsh_help.o
 .note.GNU-stack
                0x0000000000000000        0x0 binaries/xsh_kill.o
 .note.GNU-stack
                0x0000000000000000        0x0 binaries/xsh_memdump.o
 .note.GNU-stack
                0x0000000000000000        0x0 binaries/xsh_memstat.o
 .note.GNU-stack
                0x0000000000000000        0x0 binaries/xsh_netinfo.o
 .note.GNU-stack
                0x0000000000000000        0x0 binaries/xsh_ping.o
 .note.GNU-stack
                0x0000000000000000        0x0 binaries/xsh_ps.o
 .note.GNU-stack
                0x0000000000000000        0x0 binaries/xsh_sleep.o
 .note.GNU-stack
                0x0000000000000000        0x0 binaries/xsh_udpdump.o
 .note.GNU-stack
                0x0000000000000000        0x0 binaries/xsh_udpecho.o
 .note.GNU-stack
                0x0000000000000000        0x0 binaries/xsh_udpserver.o
 .note.GNU-stack
                0x0000000000000000        0x0 binaries/xsh_uptime.o
